window_started=2026-08-16T14:39:05+08:00
window_finished=2026-08-16T14:39:43+08:00
DSH_HOME=<TEMP>/dsh-home
reprobe_result_count=15
reprobe_duration_ms=12117
e9-version_exit=0
e1-init_exit=0
e2-add_exit=0
e2-after-rename_exit=0
e3-npm_exit=0
e3-git_exit=0
e3-tarball_exit=0
e4-settings_exit=0
e5-init_exit=0
e5-dump_exit=0
e5-boot-expected-failure_exit=1
e9-dump-default_exit=0
e9-dump-config_exit=0
e9-missing-default_exit=1
e9-missing-config_exit=1
before_files=8260
after_files=8260
diff_count=0
sessions_filename_only_entries=1
sessions_extra_metadata=0
before_snapshot_sha256=00c8be6b452ec28f23bcd99f3e452d71eb375d423b76232284c7102b2277b19a
after_snapshot_sha256=00c8be6b452ec28f23bcd99f3e452d71eb375d423b76232284c7102b2277b19a
